// mudar editor padrão do git mais informações https://www.youtube.com/watch?v=SOxafinthys
git config global core.editor "noem do editor"

// clonar projeto 
clone or download sopie o link em seguida abra o terminal do gituse o comando GIT CLONE E COLE O LINK o sistema irá baixar a pasta
do projeto.

gi
Felipe Gomes Mendes@DESKTOP-R50P814 MINGW32 ~/Desktop/Hello-GitHub (master)
$ git status
On branch master
Your branch is up to date with 'origin/master'.

Untracked files:
  (use "git add <file>..." to include in what will be committed)
        estilo.css
        tela.html

nothing added to commit but untracked files present (use "git add" to track)

Felipe Gomes Mendes@DESKTOP-R50P814 MINGW32 ~/Desktop/Hello-GitHub (master)
$ git add estilo.css

Felipe Gomes Mendes@DESKTOP-R50P814 MINGW32 ~/Desktop/Hello-GitHub (master)
$ git add tela.html

Felipe Gomes Mendes@DESKTOP-R50P814 MINGW32 ~/Desktop/Hello-GitHub (master)
$ git commit -m "meu primeiro commit"
[master 1486b1e] meu primeiro commit
 2 files changed, 237 insertions(+)
 create mode 100644 estilo.css
 create mode 100644 tela.html

Felipe Gomes Mendes@DESKTOP-R50P814 MINGW32 ~/Desktop/Hello-GitHub (master)
$ git status
On branch master
Your branch is ahead of 'origin/master' by 1 commit.
  (use "git push" to publish your local commits)

nothing to commit, working tree clean

Felipe Gomes Mendes@DESKTOP-R50P814 MINGW32 ~/Desktop/Hello-GitHub (master)
$ git push
Enumerating objects: 5, done.
Counting objects: 100% (5/5), done.
Delta compression using up to 2 threads
Compressing objects: 100% (4/4), done.
Writing objects: 100% (4/4), 2.33 KiB | 239.00 KiB/s, done.
Total 4 (delta 0), reused 0 (delta 0)
To https://github.com/felipegm011/Hello-GitHub.git
   16c9eb8..1486b1e  master -> master

